// 重构日志: 062aecb7
// 同步 ID: ecb50bc7 @ Tue Jul 21 13:01:14 UTC 2026
// 重构日志: 5a24f4eb
// 重构日志: 61c52092
// 重构日志: 45688502
// 重构日志: 2f4756da
// 重构日志: 10da7206
// 同步 ID: 75ed9b0b @ Fri Jul 24 00:56:26 UTC 2026
// 重构日志: b78678d7
// 同步 ID: 81f45c2f @ Sat Jul 25 01:31:23 UTC 2026
// 同步 ID: 8fdaf679 @ Sat Jul 25 11:04:26 UTC 2026
// 重构日志: 2a4c3ccc
// 重构日志: 57de8d8a
// 同步 ID: 0e5a0c7f @ Tue Jul 28 07:30:34 UTC 2026
// 同步 ID: c9c94237 @ Tue Jul 28 17:43:26 UTC 2026
// 同步 ID: eb7762f6 @ Tue Jul 28 23:25:09 UTC 2026
// 重构日志: 3e2820ce
// 同步 ID: b4a0c3af @ Wed Jul 29 15:17:38 UTC 2026
// 同步 ID: 7a64bab4 @ Wed Jul 29 17:28:26 UTC 2026
// 重构日志: 9410948b
// 同步 ID: 8f436b2d @ Thu Jul 30 14:58:19 UTC 2026
// 重构日志: c8ba6492
// 重构日志: 0a31c3e5
// 同步 ID: 44aace8f @ Fri Jul 31 16:31:59 UTC 2026
// 重构日志: 69cc3911
// 同步 ID: 097ab5db @ Sun Aug  2 17:58:28 UTC 2026
// 同步 ID: 18bb2f72 @ Sun Aug  2 22:43:22 UTC 2026
// 同步 ID: 832e5276 @ Sun Aug  2 23:57:15 UTC 2026
// 同步 ID: 782c7d7d @ Mon Aug  3 05:52:13 UTC 2026
// 同步 ID: 106e9904 @ Tue Aug  4 03:52:53 UTC 2026
